Subject: Confirm your email for Brownstone

Confirm your email address

@casey asked to use this address on Brownstone. Once it's confirmed, you can use it to get back into your account if you forget your password.

Confirm it by opening this link:

https://chat.example.com/confirm-email?token=Xq3vR8kL2mN7pQ4sT9wY1zA6bC0dE5fG3hJ8kM2nP7q

The link works once and expires in 24 hours. If you didn't ask for this, ignore this email and nothing will change.

--
Sent by Brownstone (chat.example.com). You're receiving this because of activity on your account.
