Subject: Your email address on Brownstone was changed

Your email address was changed

The email address for @casey on Brownstone was changed or removed on 9 October 2026 at 22:14 UTC. This address won't receive messages for the account any more.

If you did this, there's nothing to do.

If you didn't, sign in at https://chat.example.com and change your password, then tell an admin of Brownstone.

--
Sent by Brownstone (chat.example.com). You're receiving this because of activity on your account.
