Subject: Your password on Brownstone was changed

Your password was changed

The password for @casey on Brownstone was reset on 9 October 2026 at 22:14 UTC, and every device was signed out.

If you did this, there's nothing to do.

If you didn't, reset your password again at https://chat.example.com/forgot-password and tell an admin of Brownstone.

--
Sent by Brownstone (chat.example.com). You're receiving this because of activity on your account.
