Subject: Reset your password on Brownstone

Reset your password

Someone asked to reset the password for @casey on Brownstone. Choose a new one by opening this link:

https://chat.example.com/reset-password?token=Pq7mR8kL2mN7pQ4sT9wY1zA6bC0dE5fG3hJ8kM2nXv

The link works once and expires in 1 hour. If you didn't ask for this, ignore this email; your password stays the same.

--
Sent by Brownstone (chat.example.com). You're receiving this because of activity on your account.
