Subject: Test email from Brownstone

Email works

This is a test from Brownstone's email settings. If you're reading it, Brownstone can send email through smtp.example.net.

Sent at 22:14 UTC on 9 October 2026.

--
Sent by Brownstone (chat.example.com). An admin sent this test from Server admin → Email.
